// Jest Snapshot v1, https://goo.gl/fbAQLP

exports[`List all cards When load component, should render all cards 1`] = `
<View>
  <RCTScrollView
    getItem={[Function]}
    getItemCount={[Function]}
    keyExtractor={[Function]}
    onContentSizeChange={[Function]}
    onLayout={[Function]}
    onMomentumScrollBegin={[Function]}
    onMomentumScrollEnd={[Function]}
    onRefresh={[Function]}
    onScroll={[Function]}
    onScrollBeginDrag={[Function]}
    onScrollEndDrag={[Function]}
    refreshControl={
      <RefreshControlMock
        onRefresh={[Function]}
        refreshing={false}
      />
    }
    refreshing={false}
    removeClippedSubviews={false}
    renderItem={[Function]}
    scrollEventThrottle={50}
    stickyHeaderIndices={Array []}
    testID="card"
    viewabilityConfigCallbackPairs={Array []}
  >
    <RCTRefreshControl />
    <View />
  </RCTScrollView>
</View>
`;
